---
http_interactions:
- request:
    method: post
    uri: http://47.111.175.189:8122/
    body:
      encoding: UTF-8
      string: '{"id":1,"jsonrpc":"2.0","method":"get_block_hash","params":[1]}'
    headers:
      Accept-Encoding:
      - gzip;q=1.0,deflate;q=0.6,identity;q=0.3
      Accept:
      - "*/*"
      User-Agent:
      - Ruby
      Content-Type:
      - application/json
  response:
    status:
      code: 200
      message: OK
    headers:
      Server:
      - nginx/1.14.0 (Ubuntu)
      Date:
      - Tue, 16 Apr 2019 09:50:03 GMT
      Content-Type:
      - application/json; charset=utf-8
      Content-Length:
      - '103'
      Connection:
      - keep-alive
    body:
      encoding: UTF-8
      string: '{"jsonrpc":"2.0","result":"0x56688d60cfa7a5b3feb8da40f1c219cbec21ebabfc2c78da720dc0a5f2c52e1f","id":1}

'
    http_version: 
  recorded_at: Tue, 16 Apr 2019 09:50:03 GMT
- request:
    method: post
    uri: http://47.111.175.189:8122/
    body:
      encoding: UTF-8
      string: '{"id":1,"jsonrpc":"2.0","method":"get_block","params":["0x56688d60cfa7a5b3feb8da40f1c219cbec21ebabfc2c78da720dc0a5f2c52e1f"]}'
    headers:
      Accept-Encoding:
      - gzip;q=1.0,deflate;q=0.6,identity;q=0.3
      Accept:
      - "*/*"
      User-Agent:
      - Ruby
      Content-Type:
      - application/json
  response:
    status:
      code: 200
      message: OK
    headers:
      Server:
      - nginx/1.14.0 (Ubuntu)
      Date:
      - Tue, 16 Apr 2019 09:50:03 GMT
      Content-Type:
      - application/json; charset=utf-8
      Content-Length:
      - '1279'
      Connection:
      - keep-alive
    body:
      encoding: UTF-8
      string: '{"jsonrpc":"2.0","result":{"commit_transactions":[{"deps":[],"hash":"0x4a0f70bf050ebb8727b0f6ca6c8fa81aa62045b17159a56a829d44183225467e","inputs":[{"args":["0x0100000000000000"],"previous_output":{"hash":"0x0000000000000000000000000000000000000000000000000000000000000000","index":4294967295}}],"outputs":[{"capacity":50000,"data":"0x","lock":{"args":[],"binary_hash":"0x0000000000000000000000000000000000000000000000000000000000000001","version":0},"type":null}],"version":0,"witnesses":[]}],"header":{"difficulty":"0x100","hash":"0x56688d60cfa7a5b3feb8da40f1c219cbec21ebabfc2c78da720dc0a5f2c52e1f","number":1,"parent_hash":"0xf17b8bfe49aaa018610d20a19aa6a0639882a774c47bcb7623a085a59ee13d42","seal":{"nonce":1228788241692167898,"proof":"0xf703000042130000db1e000051230000cc2a0000f72b0000e12f0000a03800009a690000046e0000877000000a7a0000"},"timestamp":1555404925123,"txs_commit":"0x4a0f70bf050ebb8727b0f6ca6c8fa81aa62045b17159a56a829d44183225467e","txs_proposal":"0x0000000000000000000000000000000000000000000000000000000000000000","uncles_count":0,"uncles_hash":"0x0000000000000000000000000000000000000000000000000000000000000000","version":0,"witnesses_root":"0x0000000000000000000000000000000000000000000000000000000000000000"},"proposal_transactions":[],"uncles":[]},"id":1}

'
    http_version: 
  recorded_at: Tue, 16 Apr 2019 09:50:03 GMT
- request:
    method: post
    uri: http://47.111.175.189:8122/
    body:
      encoding: UTF-8
      string: '{"id":1,"jsonrpc":"2.0","method":"get_block_hash","params":[2]}'
    headers:
      Accept-Encoding:
      - gzip;q=1.0,deflate;q=0.6,identity;q=0.3
      Accept:
      - "*/*"
      User-Agent:
      - Ruby
      Content-Type:
      - application/json
  response:
    status:
      code: 200
      message: OK
    headers:
      Server:
      - nginx/1.14.0 (Ubuntu)
      Date:
      - Tue, 16 Apr 2019 09:50:03 GMT
      Content-Type:
      - application/json; charset=utf-8
      Content-Length:
      - '103'
      Connection:
      - keep-alive
    body:
      encoding: UTF-8
      string: '{"jsonrpc":"2.0","result":"0x9d29e664a2f30a49bf9d2d75d3399824b7219e7074e2ab5882509c546ad1999b","id":1}

'
    http_version: 
  recorded_at: Tue, 16 Apr 2019 09:50:03 GMT
- request:
    method: post
    uri: http://47.111.175.189:8122/
    body:
      encoding: UTF-8
      string: '{"id":1,"jsonrpc":"2.0","method":"get_block","params":["0x9d29e664a2f30a49bf9d2d75d3399824b7219e7074e2ab5882509c546ad1999b"]}'
    headers:
      Accept-Encoding:
      - gzip;q=1.0,deflate;q=0.6,identity;q=0.3
      Accept:
      - "*/*"
      User-Agent:
      - Ruby
      Content-Type:
      - application/json
  response:
    status:
      code: 200
      message: OK
    headers:
      Server:
      - nginx/1.14.0 (Ubuntu)
      Date:
      - Tue, 16 Apr 2019 09:50:03 GMT
      Content-Type:
      - application/json; charset=utf-8
      Content-Length:
      - '1279'
      Connection:
      - keep-alive
    body:
      encoding: UTF-8
      string: '{"jsonrpc":"2.0","result":{"commit_transactions":[{"deps":[],"hash":"0xf17b1f89583d245654763ed65fe98aa4c3f832696b00f527b7ac20299a23b888","inputs":[{"args":["0x0200000000000000"],"previous_output":{"hash":"0x0000000000000000000000000000000000000000000000000000000000000000","index":4294967295}}],"outputs":[{"capacity":50000,"data":"0x","lock":{"args":[],"binary_hash":"0x0000000000000000000000000000000000000000000000000000000000000001","version":0},"type":null}],"version":0,"witnesses":[]}],"header":{"difficulty":"0x100","hash":"0x9d29e664a2f30a49bf9d2d75d3399824b7219e7074e2ab5882509c546ad1999b","number":2,"parent_hash":"0x56688d60cfa7a5b3feb8da40f1c219cbec21ebabfc2c78da720dc0a5f2c52e1f","seal":{"nonce":2017585616270817980,"proof":"0x16000000100700003d070000970e00004b170000031f00004c2900005e2e0000e638000040490000e6510000896e0000"},"timestamp":1555404934386,"txs_commit":"0xf17b1f89583d245654763ed65fe98aa4c3f832696b00f527b7ac20299a23b888","txs_proposal":"0x0000000000000000000000000000000000000000000000000000000000000000","uncles_count":0,"uncles_hash":"0x0000000000000000000000000000000000000000000000000000000000000000","version":0,"witnesses_root":"0x0000000000000000000000000000000000000000000000000000000000000000"},"proposal_transactions":[],"uncles":[]},"id":1}

'
    http_version: 
  recorded_at: Tue, 16 Apr 2019 09:50:03 GMT
- request:
    method: post
    uri: http://47.111.175.189:8122/
    body:
      encoding: UTF-8
      string: '{"id":1,"jsonrpc":"2.0","method":"get_block_hash","params":[3]}'
    headers:
      Accept-Encoding:
      - gzip;q=1.0,deflate;q=0.6,identity;q=0.3
      Accept:
      - "*/*"
      User-Agent:
      - Ruby
      Content-Type:
      - application/json
  response:
    status:
      code: 200
      message: OK
    headers:
      Server:
      - nginx/1.14.0 (Ubuntu)
      Date:
      - Tue, 16 Apr 2019 09:50:03 GMT
      Content-Type:
      - application/json; charset=utf-8
      Content-Length:
      - '103'
      Connection:
      - keep-alive
    body:
      encoding: UTF-8
      string: '{"jsonrpc":"2.0","result":"0x7e8ec0645833b4f8678fc158e74da45c6d0bbf1706111c4d988dc813eaf35dc7","id":1}

'
    http_version: 
  recorded_at: Tue, 16 Apr 2019 09:50:03 GMT
- request:
    method: post
    uri: http://47.111.175.189:8122/
    body:
      encoding: UTF-8
      string: '{"id":1,"jsonrpc":"2.0","method":"get_block","params":["0x7e8ec0645833b4f8678fc158e74da45c6d0bbf1706111c4d988dc813eaf35dc7"]}'
    headers:
      Accept-Encoding:
      - gzip;q=1.0,deflate;q=0.6,identity;q=0.3
      Accept:
      - "*/*"
      User-Agent:
      - Ruby
      Content-Type:
      - application/json
  response:
    status:
      code: 200
      message: OK
    headers:
      Server:
      - nginx/1.14.0 (Ubuntu)
      Date:
      - Tue, 16 Apr 2019 09:50:03 GMT
      Content-Type:
      - application/json; charset=utf-8
      Content-Length:
      - '2046'
      Connection:
      - keep-alive
    body:
      encoding: UTF-8
      string: '{"jsonrpc":"2.0","result":{"commit_transactions":[{"deps":[],"hash":"0x84c25d230b624ab111666b5fffb4b0fdb77a51babb0f4a2a825eafaa2e42c911","inputs":[{"args":["0x0300000000000000"],"previous_output":{"hash":"0x0000000000000000000000000000000000000000000000000000000000000000","index":4294967295}}],"outputs":[{"capacity":50000,"data":"0x","lock":{"args":[],"binary_hash":"0x0000000000000000000000000000000000000000000000000000000000000001","version":0},"type":null}],"version":0,"witnesses":[]}],"header":{"difficulty":"0x100","hash":"0x7e8ec0645833b4f8678fc158e74da45c6d0bbf1706111c4d988dc813eaf35dc7","number":3,"parent_hash":"0x9d29e664a2f30a49bf9d2d75d3399824b7219e7074e2ab5882509c546ad1999b","seal":{"nonce":3006960833658894012,"proof":"0x95060000d1170000841b0000982b0000fa2d000036410000214200005c450000b15b00004f620000b569000071720000"},"timestamp":1555404935899,"txs_commit":"0x84c25d230b624ab111666b5fffb4b0fdb77a51babb0f4a2a825eafaa2e42c911","txs_proposal":"0x0000000000000000000000000000000000000000000000000000000000000000","uncles_count":1,"uncles_hash":"0xb69b19612f509375a393379f7b37e155fe02085f8005a83106b3a7f46cf12d6e","version":0,"witnesses_root":"0x0000000000000000000000000000000000000000000000000000000000000000"},"proposal_transactions":[],"uncles":[{"header":{"difficulty":"0x100","hash":"0xafacd599b0423755c9468a4e2ef708d92ee29317298a322edea40869d1920ce1","number":1,"parent_hash":"0xf17b8bfe49aaa018610d20a19aa6a0639882a774c47bcb7623a085a59ee13d42","seal":{"nonce":14786268701279175559,"proof":"0x81090000460d0000cb0e0000ec1b00004e3500008d3a0000e5540000cc670000096b00001d7100004c76000063780000"},"timestamp":1555404926657,"txs_commit":"0x4a0f70bf050ebb8727b0f6ca6c8fa81aa62045b17159a56a829d44183225467e","txs_proposal":"0x0000000000000000000000000000000000000000000000000000000000000000","uncles_count":0,"uncles_hash":"0x0000000000000000000000000000000000000000000000000000000000000000","version":0,"witnesses_root":"0x0000000000000000000000000000000000000000000000000000000000000000"},"proposal_transactions":[]}]},"id":1}

'
    http_version: 
  recorded_at: Tue, 16 Apr 2019 09:50:03 GMT
- request:
    method: post
    uri: http://47.111.175.189:8122/
    body:
      encoding: UTF-8
      string: '{"id":1,"jsonrpc":"2.0","method":"get_block_hash","params":[4]}'
    headers:
      Accept-Encoding:
      - gzip;q=1.0,deflate;q=0.6,identity;q=0.3
      Accept:
      - "*/*"
      User-Agent:
      - Ruby
      Content-Type:
      - application/json
  response:
    status:
      code: 200
      message: OK
    headers:
      Server:
      - nginx/1.14.0 (Ubuntu)
      Date:
      - Tue, 16 Apr 2019 09:50:03 GMT
      Content-Type:
      - application/json; charset=utf-8
      Content-Length:
      - '103'
      Connection:
      - keep-alive
    body:
      encoding: UTF-8
      string: '{"jsonrpc":"2.0","result":"0x67b105e0980857bcad9f0491162d885d2ca6544773547ba1b712d054eb2d1e0e","id":1}

'
    http_version: 
  recorded_at: Tue, 16 Apr 2019 09:50:03 GMT
- request:
    method: post
    uri: http://47.111.175.189:8122/
    body:
      encoding: UTF-8
      string: '{"id":1,"jsonrpc":"2.0","method":"get_block","params":["0x67b105e0980857bcad9f0491162d885d2ca6544773547ba1b712d054eb2d1e0e"]}'
    headers:
      Accept-Encoding:
      - gzip;q=1.0,deflate;q=0.6,identity;q=0.3
      Accept:
      - "*/*"
      User-Agent:
      - Ruby
      Content-Type:
      - application/json
  response:
    status:
      code: 200
      message: OK
    headers:
      Server:
      - nginx/1.14.0 (Ubuntu)
      Date:
      - Tue, 16 Apr 2019 09:50:03 GMT
      Content-Type:
      - application/json; charset=utf-8
      Content-Length:
      - '2044'
      Connection:
      - keep-alive
    body:
      encoding: UTF-8
      string: '{"jsonrpc":"2.0","result":{"commit_transactions":[{"deps":[],"hash":"0xde45f54b66a771febcd03ad6f24bd420b762bf13a235e8b7f64fdc3ac1882bbd","inputs":[{"args":["0x0400000000000000"],"previous_output":{"hash":"0x0000000000000000000000000000000000000000000000000000000000000000","index":4294967295}}],"outputs":[{"capacity":50000,"data":"0x","lock":{"args":[],"binary_hash":"0x0000000000000000000000000000000000000000000000000000000000000001","version":0},"type":null}],"version":0,"witnesses":[]}],"header":{"difficulty":"0x100","hash":"0x67b105e0980857bcad9f0491162d885d2ca6544773547ba1b712d054eb2d1e0e","number":4,"parent_hash":"0x7e8ec0645833b4f8678fc158e74da45c6d0bbf1706111c4d988dc813eaf35dc7","seal":{"nonce":8227303944273451741,"proof":"0xb4050000e60e0000a510000021210000092c0000fb3400000437000001500000d8510000f5580000a8690000077d0000"},"timestamp":1555404938299,"txs_commit":"0xde45f54b66a771febcd03ad6f24bd420b762bf13a235e8b7f64fdc3ac1882bbd","txs_proposal":"0x0000000000000000000000000000000000000000000000000000000000000000","uncles_count":1,"uncles_hash":"0x7c99d65b90639a653764789ed925b5160d2a6021fd836ffaf15301e043994bf3","version":0,"witnesses_root":"0x0000000000000000000000000000000000000000000000000000000000000000"},"proposal_transactions":[],"uncles":[{"header":{"difficulty":"0x100","hash":"0x4522316dec480dfcf45b005a82c24f0bbb2e0f3af893909c440467de894259f8","number":1,"parent_hash":"0xf17b8bfe49aaa018610d20a19aa6a0639882a774c47bcb7623a085a59ee13d42","seal":{"nonce":172332697093007648,"proof":"0xaa0500006c160000902300007f270000db29000052530000646900000b730000077500006d760000f97d0000897e0000"},"timestamp":1555404927436,"txs_commit":"0x4a0f70bf050ebb8727b0f6ca6c8fa81aa62045b17159a56a829d44183225467e","txs_proposal":"0x0000000000000000000000000000000000000000000000000000000000000000","uncles_count":0,"uncles_hash":"0x0000000000000000000000000000000000000000000000000000000000000000","version":0,"witnesses_root":"0x0000000000000000000000000000000000000000000000000000000000000000"},"proposal_transactions":[]}]},"id":1}

'
    http_version: 
  recorded_at: Tue, 16 Apr 2019 09:50:03 GMT
- request:
    method: post
    uri: http://47.111.175.189:8122/
    body:
      encoding: UTF-8
      string: '{"id":1,"jsonrpc":"2.0","method":"get_block_hash","params":[5]}'
    headers:
      Accept-Encoding:
      - gzip;q=1.0,deflate;q=0.6,identity;q=0.3
      Accept:
      - "*/*"
      User-Agent:
      - Ruby
      Content-Type:
      - application/json
  response:
    status:
      code: 200
      message: OK
    headers:
      Server:
      - nginx/1.14.0 (Ubuntu)
      Date:
      - Tue, 16 Apr 2019 09:50:03 GMT
      Content-Type:
      - application/json; charset=utf-8
      Content-Length:
      - '103'
      Connection:
      - keep-alive
    body:
      encoding: UTF-8
      string: '{"jsonrpc":"2.0","result":"0xd81a0a4d25da722f7656c5dabf0c0ac327a4cc1c4bb4b074a85745574128b9b7","id":1}

'
    http_version: 
  recorded_at: Tue, 16 Apr 2019 09:50:03 GMT
- request:
    method: post
    uri: http://47.111.175.189:8122/
    body:
      encoding: UTF-8
      string: '{"id":1,"jsonrpc":"2.0","method":"get_block","params":["0xd81a0a4d25da722f7656c5dabf0c0ac327a4cc1c4bb4b074a85745574128b9b7"]}'
    headers:
      Accept-Encoding:
      - gzip;q=1.0,deflate;q=0.6,identity;q=0.3
      Accept:
      - "*/*"
      User-Agent:
      - Ruby
      Content-Type:
      - application/json
  response:
    status:
      code: 200
      message: OK
    headers:
      Server:
      - nginx/1.14.0 (Ubuntu)
      Date:
      - Tue, 16 Apr 2019 09:50:03 GMT
      Content-Type:
      - application/json; charset=utf-8
      Content-Length:
      - '2812'
      Connection:
      - keep-alive
    body:
      encoding: UTF-8
      string: '{"jsonrpc":"2.0","result":{"commit_transactions":[{"deps":[],"hash":"0xec7bcceeb2ed6d30d680a77efcab43e0edc7b63a0b42419aaa4c31002f7cbd51","inputs":[{"args":["0x0500000000000000"],"previous_output":{"hash":"0x0000000000000000000000000000000000000000000000000000000000000000","index":4294967295}}],"outputs":[{"capacity":50000,"data":"0x","lock":{"args":[],"binary_hash":"0x0000000000000000000000000000000000000000000000000000000000000001","version":0},"type":null}],"version":0,"witnesses":[]}],"header":{"difficulty":"0x100","hash":"0xd81a0a4d25da722f7656c5dabf0c0ac327a4cc1c4bb4b074a85745574128b9b7","number":5,"parent_hash":"0x67b105e0980857bcad9f0491162d885d2ca6544773547ba1b712d054eb2d1e0e","seal":{"nonce":3068782799738952460,"proof":"0x5b020000650b0000ca260000d9270000e53f0000954a00000b50000012550000525d000038650000b7740000937a0000"},"timestamp":1555404942208,"txs_commit":"0xec7bcceeb2ed6d30d680a77efcab43e0edc7b63a0b42419aaa4c31002f7cbd51","txs_proposal":"0x0000000000000000000000000000000000000000000000000000000000000000","uncles_count":2,"uncles_hash":"0x054755c4c8dc6fa072a308f19524228b9252c04c0b65f7ada76b11d317d34441","version":0,"witnesses_root":"0x0000000000000000000000000000000000000000000000000000000000000000"},"proposal_transactions":[],"uncles":[{"header":{"difficulty":"0x100","hash":"0x9d47949970794ae546aaf989b5298cff9f713b1963861a48638579df09e82e9f","number":3,"parent_hash":"0x9d29e664a2f30a49bf9d2d75d3399824b7219e7074e2ab5882509c546ad1999b","seal":{"nonce":1951079073784243093,"proof":"0xe90f000046180000502a00004b2d00007a340000ef4a0000544b0000244d0000804d0000c05d0000f77600008c7a0000"},"timestamp":1555404934538,"txs_commit":"0x84c25d230b624ab111666b5fffb4b0fdb77a51babb0f4a2a825eafaa2e42c911","txs_proposal":"0x0000000000000000000000000000000000000000000000000000000000000000","uncles_count":0,"uncles_hash":"0x0000000000000000000000000000000000000000000000000000000000000000","version":0,"witnesses_root":"0x0000000000000000000000000000000000000000000000000000000000000000"},"proposal_transactions":[]},{"header":{"difficulty":"0x100","hash":"0x34178fcb8f4f5b8250349a04e1cdb72df463e6522741c53f68185e509e2a3f3e","number":1,"parent_hash":"0xf17b8bfe49aaa018610d20a19aa6a0639882a774c47bcb7623a085a59ee13d42","seal":{"nonce":7985972824628581980,"proof":"0xd300000065260000292a0000293d0000924a0000ef64000049690000f0710000bc7200006d7300003476000093770000"},"timestamp":1555404924360,"txs_commit":"0x4a0f70bf050ebb8727b0f6ca6c8fa81aa62045b17159a56a829d44183225467e","txs_proposal":"0x0000000000000000000000000000000000000000000000000000000000000000","uncles_count":0,"uncles_hash":"0x0000000000000000000000000000000000000000000000000000000000000000","version":0,"witnesses_root":"0x0000000000000000000000000000000000000000000000000000000000000000"},"proposal_transactions":[]}]},"id":1}

'
    http_version: 
  recorded_at: Tue, 16 Apr 2019 09:50:03 GMT
- request:
    method: post
    uri: http://47.111.175.189:8122/
    body:
      encoding: UTF-8
      string: '{"id":1,"jsonrpc":"2.0","method":"get_block_hash","params":[6]}'
    headers:
      Accept-Encoding:
      - gzip;q=1.0,deflate;q=0.6,identity;q=0.3
      Accept:
      - "*/*"
      User-Agent:
      - Ruby
      Content-Type:
      - application/json
  response:
    status:
      code: 200
      message: OK
    headers:
      Server:
      - nginx/1.14.0 (Ubuntu)
      Date:
      - Tue, 16 Apr 2019 09:50:03 GMT
      Content-Type:
      - application/json; charset=utf-8
      Content-Length:
      - '103'
      Connection:
      - keep-alive
    body:
      encoding: UTF-8
      string: '{"jsonrpc":"2.0","result":"0x9629b3716ab009a138683281be9c27304359d9a35701114330b71507ab57be29","id":1}

'
    http_version: 
  recorded_at: Tue, 16 Apr 2019 09:50:03 GMT
- request:
    method: post
    uri: http://47.111.175.189:8122/
    body:
      encoding: UTF-8
      string: '{"id":1,"jsonrpc":"2.0","method":"get_block","params":["0x9629b3716ab009a138683281be9c27304359d9a35701114330b71507ab57be29"]}'
    headers:
      Accept-Encoding:
      - gzip;q=1.0,deflate;q=0.6,identity;q=0.3
      Accept:
      - "*/*"
      User-Agent:
      - Ruby
      Content-Type:
      - application/json
  response:
    status:
      code: 200
      message: OK
    headers:
      Server:
      - nginx/1.14.0 (Ubuntu)
      Date:
      - Tue, 16 Apr 2019 09:50:03 GMT
      Content-Type:
      - application/json; charset=utf-8
      Content-Length:
      - '2814'
      Connection:
      - keep-alive
    body:
      encoding: UTF-8
      string: '{"jsonrpc":"2.0","result":{"commit_transactions":[{"deps":[],"hash":"0xec8e3f69031c2cf9453f472056f30057439f935e87a9a597a81dbb46659fa06a","inputs":[{"args":["0x0600000000000000"],"previous_output":{"hash":"0x0000000000000000000000000000000000000000000000000000000000000000","index":4294967295}}],"outputs":[{"capacity":50000,"data":"0x","lock":{"args":[],"binary_hash":"0x0000000000000000000000000000000000000000000000000000000000000001","version":0},"type":null}],"version":0,"witnesses":[]}],"header":{"difficulty":"0x100","hash":"0x9629b3716ab009a138683281be9c27304359d9a35701114330b71507ab57be29","number":6,"parent_hash":"0xd81a0a4d25da722f7656c5dabf0c0ac327a4cc1c4bb4b074a85745574128b9b7","seal":{"nonce":11974824329868170859,"proof":"0x0f0200001d0a0000460c00002d180000a41a0000e61e0000e5210000c42a0000bb3e0000fb4e00008a6c0000176d0000"},"timestamp":1555404950067,"txs_commit":"0xec8e3f69031c2cf9453f472056f30057439f935e87a9a597a81dbb46659fa06a","txs_proposal":"0x0000000000000000000000000000000000000000000000000000000000000000","uncles_count":2,"uncles_hash":"0x09cd61abb9c78f4fb5b4990649a551c9fba570d1d8bede8a9ca5ce989cb2c26e","version":0,"witnesses_root":"0x0000000000000000000000000000000000000000000000000000000000000000"},"proposal_transactions":[],"uncles":[{"header":{"difficulty":"0x100","hash":"0xce0f24c6937e9d6c9a6e41719b30160551d64214a9c70078a5bff11bbbd47765","number":1,"parent_hash":"0xf17b8bfe49aaa018610d20a19aa6a0639882a774c47bcb7623a085a59ee13d42","seal":{"nonce":7469352816211914162,"proof":"0xd2060000d3090000c5130000d3170000e22e00004d310000714700000b530000ad540000355e00008e7400007a7f0000"},"timestamp":1555404925854,"txs_commit":"0x4a0f70bf050ebb8727b0f6ca6c8fa81aa62045b17159a56a829d44183225467e","txs_proposal":"0x0000000000000000000000000000000000000000000000000000000000000000","uncles_count":0,"uncles_hash":"0x0000000000000000000000000000000000000000000000000000000000000000","version":0,"witnesses_root":"0x0000000000000000000000000000000000000000000000000000000000000000"},"proposal_transactions":[]},{"header":{"difficulty":"0x100","hash":"0x56cb93c33f4d56f58d685b68acd82c41c80f818a6f2b7395d8e2cd6e01447092","number":1,"parent_hash":"0xf17b8bfe49aaa018610d20a19aa6a0639882a774c47bcb7623a085a59ee13d42","seal":{"nonce":17277303185918745264,"proof":"0xcd000000300c0000051e0000ec22000033230000fd360000353a0000a25100003e5f0000b66500003f7400003c7a0000"},"timestamp":1555404932568,"txs_commit":"0x4a0f70bf050ebb8727b0f6ca6c8fa81aa62045b17159a56a829d44183225467e","txs_proposal":"0x0000000000000000000000000000000000000000000000000000000000000000","uncles_count":0,"uncles_hash":"0x0000000000000000000000000000000000000000000000000000000000000000","version":0,"witnesses_root":"0x0000000000000000000000000000000000000000000000000000000000000000"},"proposal_transactions":[]}]},"id":1}

'
    http_version: 
  recorded_at: Tue, 16 Apr 2019 09:50:03 GMT
- request:
    method: post
    uri: http://47.111.175.189:8122/
    body:
      encoding: UTF-8
      string: '{"id":1,"jsonrpc":"2.0","method":"get_block_hash","params":[7]}'
    headers:
      Accept-Encoding:
      - gzip;q=1.0,deflate;q=0.6,identity;q=0.3
      Accept:
      - "*/*"
      User-Agent:
      - Ruby
      Content-Type:
      - application/json
  response:
    status:
      code: 200
      message: OK
    headers:
      Server:
      - nginx/1.14.0 (Ubuntu)
      Date:
      - Tue, 16 Apr 2019 09:50:03 GMT
      Content-Type:
      - application/json; charset=utf-8
      Content-Length:
      - '103'
      Connection:
      - keep-alive
    body:
      encoding: UTF-8
      string: '{"jsonrpc":"2.0","result":"0xd3b115f3b6708f7c63272c97b6f718ce2a2757d05fe89c6d40509bb28b48e522","id":1}

'
    http_version: 
  recorded_at: Tue, 16 Apr 2019 09:50:03 GMT
- request:
    method: post
    uri: http://47.111.175.189:8122/
    body:
      encoding: UTF-8
      string: '{"id":1,"jsonrpc":"2.0","method":"get_block","params":["0xd3b115f3b6708f7c63272c97b6f718ce2a2757d05fe89c6d40509bb28b48e522"]}'
    headers:
      Accept-Encoding:
      - gzip;q=1.0,deflate;q=0.6,identity;q=0.3
      Accept:
      - "*/*"
      User-Agent:
      - Ruby
      Content-Type:
      - application/json
  response:
    status:
      code: 200
      message: OK
    headers:
      Server:
      - nginx/1.14.0 (Ubuntu)
      Date:
      - Tue, 16 Apr 2019 09:50:03 GMT
      Content-Type:
      - application/json; charset=utf-8
      Content-Length:
      - '2813'
      Connection:
      - keep-alive
    body:
      encoding: UTF-8
      string: '{"jsonrpc":"2.0","result":{"commit_transactions":[{"deps":[],"hash":"0x1d82a6d7bcefca69be3f2c7e43f88a18f4fd01eb05d06f4d2fe2df8a8afb350f","inputs":[{"args":["0x0700000000000000"],"previous_output":{"hash":"0x0000000000000000000000000000000000000000000000000000000000000000","index":4294967295}}],"outputs":[{"capacity":50000,"data":"0x","lock":{"args":[],"binary_hash":"0x0000000000000000000000000000000000000000000000000000000000000001","version":0},"type":null}],"version":0,"witnesses":[]}],"header":{"difficulty":"0x100","hash":"0xd3b115f3b6708f7c63272c97b6f718ce2a2757d05fe89c6d40509bb28b48e522","number":7,"parent_hash":"0x9629b3716ab009a138683281be9c27304359d9a35701114330b71507ab57be29","seal":{"nonce":4962261075761954737,"proof":"0x51090000f70f0000dd190000be2500008f2f00006d31000086310000ea320000613a0000113e00003b53000025760000"},"timestamp":1555404952416,"txs_commit":"0x1d82a6d7bcefca69be3f2c7e43f88a18f4fd01eb05d06f4d2fe2df8a8afb350f","txs_proposal":"0x0000000000000000000000000000000000000000000000000000000000000000","uncles_count":2,"uncles_hash":"0xe5096fc254f4644733c16d5dad0147e43071ccc3b69141de6c3174dc15a09623","version":0,"witnesses_root":"0x0000000000000000000000000000000000000000000000000000000000000000"},"proposal_transactions":[],"uncles":[{"header":{"difficulty":"0x100","hash":"0x7e1b54fdade0dec3658085926b868e4e72f6adf90dbf8491f3e3fe19b81dad3b","number":1,"parent_hash":"0xf17b8bfe49aaa018610d20a19aa6a0639882a774c47bcb7623a085a59ee13d42","seal":{"nonce":12827886064155736962,"proof":"0xd4000000791b00008e1d0000972b0000162d0000fa5e0000c56a00002c6c00008f700000c5770000fa7a0000457f0000"},"timestamp":1555404934095,"txs_commit":"0x4a0f70bf050ebb8727b0f6ca6c8fa81aa62045b17159a56a829d44183225467e","txs_proposal":"0x0000000000000000000000000000000000000000000000000000000000000000","uncles_count":0,"uncles_hash":"0x0000000000000000000000000000000000000000000000000000000000000000","version":0,"witnesses_root":"0x0000000000000000000000000000000000000000000000000000000000000000"},"proposal_transactions":[]},{"header":{"difficulty":"0x100","hash":"0xba7746029a46e163a935776bad8f7c37a87cde861e2f47d061af29e8ac55d3e7","number":4,"parent_hash":"0x7e8ec0645833b4f8678fc158e74da45c6d0bbf1706111c4d988dc813eaf35dc7","seal":{"nonce":6419831215835328711,"proof":"0x9d060000bd1d0000e11d000010220000242300006240000044450000ce4e0000af6e0000b8720000107500007a760000"},"timestamp":1555404940092,"txs_commit":"0xde45f54b66a771febcd03ad6f24bd420b762bf13a235e8b7f64fdc3ac1882bbd","txs_proposal":"0x0000000000000000000000000000000000000000000000000000000000000000","uncles_count":2,"uncles_hash":"0x91b943a018af7a246a814e3b92d4d02868565268f5c12842ef07b616814a4f5b","version":0,"witnesses_root":"0x0000000000000000000000000000000000000000000000000000000000000000"},"proposal_transactions":[]}]},"id":1}

'
    http_version: 
  recorded_at: Tue, 16 Apr 2019 09:50:03 GMT
- request:
    method: post
    uri: http://47.111.175.189:8122/
    body:
      encoding: UTF-8
      string: '{"id":1,"jsonrpc":"2.0","method":"get_block_hash","params":[8]}'
    headers:
      Accept-Encoding:
      - gzip;q=1.0,deflate;q=0.6,identity;q=0.3
      Accept:
      - "*/*"
      User-Agent:
      - Ruby
      Content-Type:
      - application/json
  response:
    status:
      code: 200
      message: OK
    headers:
      Server:
      - nginx/1.14.0 (Ubuntu)
      Date:
      - Tue, 16 Apr 2019 09:50:03 GMT
      Content-Type:
      - application/json; charset=utf-8
      Content-Length:
      - '103'
      Connection:
      - keep-alive
    body:
      encoding: UTF-8
      string: '{"jsonrpc":"2.0","result":"0x187c286c7966bccfc596634a7633ac3e08c3d082b32ecaafca4f0705115ec2b3","id":1}

'
    http_version: 
  recorded_at: Tue, 16 Apr 2019 09:50:03 GMT
- request:
    method: post
    uri: http://47.111.175.189:8122/
    body:
      encoding: UTF-8
      string: '{"id":1,"jsonrpc":"2.0","method":"get_block","params":["0x187c286c7966bccfc596634a7633ac3e08c3d082b32ecaafca4f0705115ec2b3"]}'
    headers:
      Accept-Encoding:
      - gzip;q=1.0,deflate;q=0.6,identity;q=0.3
      Accept:
      - "*/*"
      User-Agent:
      - Ruby
      Content-Type:
      - application/json
  response:
    status:
      code: 200
      message: OK
    headers:
      Server:
      - nginx/1.14.0 (Ubuntu)
      Date:
      - Tue, 16 Apr 2019 09:50:03 GMT
      Content-Type:
      - application/json; charset=utf-8
      Content-Length:
      - '2814'
      Connection:
      - keep-alive
    body:
      encoding: UTF-8
      string: '{"jsonrpc":"2.0","result":{"commit_transactions":[{"deps":[],"hash":"0xa3a9d70a4dc58e6fcad4452caef5b88da4ab235c1f63537e13323fd3eebbbe64","inputs":[{"args":["0x0800000000000000"],"previous_output":{"hash":"0x0000000000000000000000000000000000000000000000000000000000000000","index":4294967295}}],"outputs":[{"capacity":50000,"data":"0x","lock":{"args":[],"binary_hash":"0x0000000000000000000000000000000000000000000000000000000000000001","version":0},"type":null}],"version":0,"witnesses":[]}],"header":{"difficulty":"0x100","hash":"0x187c286c7966bccfc596634a7633ac3e08c3d082b32ecaafca4f0705115ec2b3","number":8,"parent_hash":"0xd3b115f3b6708f7c63272c97b6f718ce2a2757d05fe89c6d40509bb28b48e522","seal":{"nonce":13685763918043683266,"proof":"0xab100000b611000061130000bb1800007e1d0000f124000073420000474d0000c2510000a7600000f8760000f27a0000"},"timestamp":1555404955192,"txs_commit":"0xa3a9d70a4dc58e6fcad4452caef5b88da4ab235c1f63537e13323fd3eebbbe64","txs_proposal":"0x0000000000000000000000000000000000000000000000000000000000000000","uncles_count":2,"uncles_hash":"0xe7ea6712c62cde9915233b07bc450cf61e4f8cf3a4141e448d862f55f0a2bba6","version":0,"witnesses_root":"0x0000000000000000000000000000000000000000000000000000000000000000"},"proposal_transactions":[],"uncles":[{"header":{"difficulty":"0x100","hash":"0x1780c69cba6375fcdf889ab2eed6842ffbd7ab2ecda42c3d68d70a04daf567c4","number":4,"parent_hash":"0x0bf1245f1883ee6431a2b831410f7cc66cea76ef22aaaa489f6408421330b4fd","seal":{"nonce":3227326917698812821,"proof":"0x07000000a2040000ce1400004f1b00001a23000036240000392a000021310000d04d00006f5500007d5c0000c3700000"},"timestamp":1555404942025,"txs_commit":"0xde45f54b66a771febcd03ad6f24bd420b762bf13a235e8b7f64fdc3ac1882bbd","txs_proposal":"0x0000000000000000000000000000000000000000000000000000000000000000","uncles_count":2,"uncles_hash":"0x054755c4c8dc6fa072a308f19524228b9252c04c0b65f7ada76b11d317d34441","version":0,"witnesses_root":"0x0000000000000000000000000000000000000000000000000000000000000000"},"proposal_transactions":[]},{"header":{"difficulty":"0x100","hash":"0x8e3604f01326fd2e5bd10edd320d3ec819836f4748910586952f1c1648eab0d8","number":4,"parent_hash":"0x7e8ec0645833b4f8678fc158e74da45c6d0bbf1706111c4d988dc813eaf35dc7","seal":{"nonce":13716713412094421594,"proof":"0xfa000000d708000044140000622000000632000071380000934100009f4b00005b500000615f00006f6c0000a8730000"},"timestamp":1555404940524,"txs_commit":"0xde45f54b66a771febcd03ad6f24bd420b762bf13a235e8b7f64fdc3ac1882bbd","txs_proposal":"0x0000000000000000000000000000000000000000000000000000000000000000","uncles_count":2,"uncles_hash":"0x91b943a018af7a246a814e3b92d4d02868565268f5c12842ef07b616814a4f5b","version":0,"witnesses_root":"0x0000000000000000000000000000000000000000000000000000000000000000"},"proposal_transactions":[]}]},"id":1}

'
    http_version: 
  recorded_at: Tue, 16 Apr 2019 09:50:03 GMT
- request:
    method: post
    uri: http://47.111.175.189:8122/
    body:
      encoding: UTF-8
      string: '{"id":1,"jsonrpc":"2.0","method":"get_block_hash","params":[9]}'
    headers:
      Accept-Encoding:
      - gzip;q=1.0,deflate;q=0.6,identity;q=0.3
      Accept:
      - "*/*"
      User-Agent:
      - Ruby
      Content-Type:
      - application/json
  response:
    status:
      code: 200
      message: OK
    headers:
      Server:
      - nginx/1.14.0 (Ubuntu)
      Date:
      - Tue, 16 Apr 2019 09:50:03 GMT
      Content-Type:
      - application/json; charset=utf-8
      Content-Length:
      - '103'
      Connection:
      - keep-alive
    body:
      encoding: UTF-8
      string: '{"jsonrpc":"2.0","result":"0x2e8ca398d0aeef63d55ca5f45b016aed23ed2cdec822a3fb5cad5894ab7f42ca","id":1}

'
    http_version: 
  recorded_at: Tue, 16 Apr 2019 09:50:03 GMT
- request:
    method: post
    uri: http://47.111.175.189:8122/
    body:
      encoding: UTF-8
      string: '{"id":1,"jsonrpc":"2.0","method":"get_block","params":["0x2e8ca398d0aeef63d55ca5f45b016aed23ed2cdec822a3fb5cad5894ab7f42ca"]}'
    headers:
      Accept-Encoding:
      - gzip;q=1.0,deflate;q=0.6,identity;q=0.3
      Accept:
      - "*/*"
      User-Agent:
      - Ruby
      Content-Type:
      - application/json
  response:
    status:
      code: 200
      message: OK
    headers:
      Server:
      - nginx/1.14.0 (Ubuntu)
      Date:
      - Tue, 16 Apr 2019 09:50:03 GMT
      Content-Type:
      - application/json; charset=utf-8
      Content-Length:
      - '2813'
      Connection:
      - keep-alive
    body:
      encoding: UTF-8
      string: '{"jsonrpc":"2.0","result":{"commit_transactions":[{"deps":[],"hash":"0xbd63260eba266ccdd3383f7ce9bc5726aef5ec3308eac9f62e80e6ead94a3726","inputs":[{"args":["0x0900000000000000"],"previous_output":{"hash":"0x0000000000000000000000000000000000000000000000000000000000000000","index":4294967295}}],"outputs":[{"capacity":50000,"data":"0x","lock":{"args":[],"binary_hash":"0x0000000000000000000000000000000000000000000000000000000000000001","version":0},"type":null}],"version":0,"witnesses":[]}],"header":{"difficulty":"0x100","hash":"0x2e8ca398d0aeef63d55ca5f45b016aed23ed2cdec822a3fb5cad5894ab7f42ca","number":9,"parent_hash":"0x187c286c7966bccfc596634a7633ac3e08c3d082b32ecaafca4f0705115ec2b3","seal":{"nonce":622078337741327483,"proof":"0x172f0000ee350000cb3700005a3d0000514200005a430000914b000004640000a9650000d872000031770000d57f0000"},"timestamp":1555404957483,"txs_commit":"0xbd63260eba266ccdd3383f7ce9bc5726aef5ec3308eac9f62e80e6ead94a3726","txs_proposal":"0x0000000000000000000000000000000000000000000000000000000000000000","uncles_count":2,"uncles_hash":"0x9a31753275ae660e0aa11aa0f13314583c3906b1164000dce308f18b8ef84f7d","version":0,"witnesses_root":"0x0000000000000000000000000000000000000000000000000000000000000000"},"proposal_transactions":[],"uncles":[{"header":{"difficulty":"0x100","hash":"0xdacdda84c43997a3a44f16a354b7f918a8efc3e3d77f40bb9da33f5488f1f7b5","number":6,"parent_hash":"0xd81a0a4d25da722f7656c5dabf0c0ac327a4cc1c4bb4b074a85745574128b9b7","seal":{"nonce":16821781929789187771,"proof":"0x9703000069090000d5140000e7220000d22f0000e83a0000f13b0000b84a00002c54000053610000416700009f7a0000"},"timestamp":1555404950649,"txs_commit":"0xec8e3f69031c2cf9453f472056f30057439f935e87a9a597a81dbb46659fa06a","txs_proposal":"0x0000000000000000000000000000000000000000000000000000000000000000","uncles_count":2,"uncles_hash":"0x09cd61abb9c78f4fb5b4990649a551c9fba570d1d8bede8a9ca5ce989cb2c26e","version":0,"witnesses_root":"0x0000000000000000000000000000000000000000000000000000000000000000"},"proposal_transactions":[]},{"header":{"difficulty":"0x100","hash":"0x7cebbd93a608cdb0548c78dac2494d3a84cdfd385f81863897afbf5f1f5aea9f","number":8,"parent_hash":"0xd3b115f3b6708f7c63272c97b6f718ce2a2757d05fe89c6d40509bb28b48e522","seal":{"nonce":17121661064653649641,"proof":"0xcd110000f914000069190000cb1a000021290000622c00007e3800002a3e00004e42000039660000e1770000567b0000"},"timestamp":1555404954552,"txs_commit":"0xa3a9d70a4dc58e6fcad4452caef5b88da4ab235c1f63537e13323fd3eebbbe64","txs_proposal":"0x0000000000000000000000000000000000000000000000000000000000000000","uncles_count":2,"uncles_hash":"0x10517bfba7480aebdb1bb1a52a1596a9c53ed96a2089bf63b256d927dc64a820","version":0,"witnesses_root":"0x0000000000000000000000000000000000000000000000000000000000000000"},"proposal_transactions":[]}]},"id":1}

'
    http_version: 
  recorded_at: Tue, 16 Apr 2019 09:50:03 GMT
- request:
    method: post
    uri: http://47.111.175.189:8122/
    body:
      encoding: UTF-8
      string: '{"id":1,"jsonrpc":"2.0","method":"get_block_hash","params":[10]}'
    headers:
      Accept-Encoding:
      - gzip;q=1.0,deflate;q=0.6,identity;q=0.3
      Accept:
      - "*/*"
      User-Agent:
      - Ruby
      Content-Type:
      - application/json
  response:
    status:
      code: 200
      message: OK
    headers:
      Server:
      - nginx/1.14.0 (Ubuntu)
      Date:
      - Tue, 16 Apr 2019 09:50:03 GMT
      Content-Type:
      - application/json; charset=utf-8
      Content-Length:
      - '103'
      Connection:
      - keep-alive
    body:
      encoding: UTF-8
      string: '{"jsonrpc":"2.0","result":"0xfa446ed25123e956ea9cbbb7ea89d5f7ce3f50f1b4cfe62fb20282f84bed51bb","id":1}

'
    http_version: 
  recorded_at: Tue, 16 Apr 2019 09:50:03 GMT
- request:
    method: post
    uri: http://47.111.175.189:8122/
    body:
      encoding: UTF-8
      string: '{"id":1,"jsonrpc":"2.0","method":"get_block","params":["0xfa446ed25123e956ea9cbbb7ea89d5f7ce3f50f1b4cfe62fb20282f84bed51bb"]}'
    headers:
      Accept-Encoding:
      - gzip;q=1.0,deflate;q=0.6,identity;q=0.3
      Accept:
      - "*/*"
      User-Agent:
      - Ruby
      Content-Type:
      - application/json
  response:
    status:
      code: 200
      message: OK
    headers:
      Server:
      - nginx/1.14.0 (Ubuntu)
      Date:
      - Tue, 16 Apr 2019 09:50:03 GMT
      Content-Type:
      - application/json; charset=utf-8
      Content-Length:
      - '2816'
      Connection:
      - keep-alive
    body:
      encoding: UTF-8
      string: '{"jsonrpc":"2.0","result":{"commit_transactions":[{"deps":[],"hash":"0xe08894ef0ed80481448f7a584438a76b6bdbea178c02b4c3b40863d75c5aed3c","inputs":[{"args":["0x0a00000000000000"],"previous_output":{"hash":"0x0000000000000000000000000000000000000000000000000000000000000000","index":4294967295}}],"outputs":[{"capacity":50000,"data":"0x","lock":{"args":[],"binary_hash":"0x0000000000000000000000000000000000000000000000000000000000000001","version":0},"type":null}],"version":0,"witnesses":[]}],"header":{"difficulty":"0x100","hash":"0xfa446ed25123e956ea9cbbb7ea89d5f7ce3f50f1b4cfe62fb20282f84bed51bb","number":10,"parent_hash":"0x2e8ca398d0aeef63d55ca5f45b016aed23ed2cdec822a3fb5cad5894ab7f42ca","seal":{"nonce":10346175298493079264,"proof":"0xd5090000db190000b31c0000d71f000056200000b423000004270000315500000b5700003d630000266d000033790000"},"timestamp":1555404960170,"txs_commit":"0xe08894ef0ed80481448f7a584438a76b6bdbea178c02b4c3b40863d75c5aed3c","txs_proposal":"0x0000000000000000000000000000000000000000000000000000000000000000","uncles_count":2,"uncles_hash":"0xec755bc0a649f69785570c86c640d79daa0d6982b2bdb00ec483c4b880b30993","version":0,"witnesses_root":"0x0000000000000000000000000000000000000000000000000000000000000000"},"proposal_transactions":[],"uncles":[{"header":{"difficulty":"0x100","hash":"0xd4c99e0c6c9e0a6f53d2940aab43b4f04f7aad64e726e6c54b7743c88a43e7c0","number":5,"parent_hash":"0x15624b010e96747cbd51b7b297f89da57e0b7d1b006870c73a9e0aabcc43de66","seal":{"nonce":13941410998219982187,"proof":"0x33050000270a000032100000b51e0000843a00009e440000914c00002362000004630000d16c00002d7600006c790000"},"timestamp":1555404942763,"txs_commit":"0xec7bcceeb2ed6d30d680a77efcab43e0edc7b63a0b42419aaa4c31002f7cbd51","txs_proposal":"0x0000000000000000000000000000000000000000000000000000000000000000","uncles_count":2,"uncles_hash":"0xbef6fcf8d49ca268e0bbc1750d963c4b383edc6eeb04d63ff1c998c8cb54e6b6","version":0,"witnesses_root":"0x0000000000000000000000000000000000000000000000000000000000000000"},"proposal_transactions":[]},{"header":{"difficulty":"0x100","hash":"0x34eee72965caad0cabf3e53a4e368bbb76745dd6f9bbec73eb3d71cf0c57136d","number":6,"parent_hash":"0xd81a0a4d25da722f7656c5dabf0c0ac327a4cc1c4bb4b074a85745574128b9b7","seal":{"nonce":12127871079810123923,"proof":"0xc8050000840b0000f61400008822000058290000f53d0000544100001753000075540000985a00007e680000776a0000"},"timestamp":1555404948599,"txs_commit":"0xec8e3f69031c2cf9453f472056f30057439f935e87a9a597a81dbb46659fa06a","txs_proposal":"0x0000000000000000000000000000000000000000000000000000000000000000","uncles_count":2,"uncles_hash":"0x09cd61abb9c78f4fb5b4990649a551c9fba570d1d8bede8a9ca5ce989cb2c26e","version":0,"witnesses_root":"0x0000000000000000000000000000000000000000000000000000000000000000"},"proposal_transactions":[]}]},"id":1}

'
    http_version: 
  recorded_at: Tue, 16 Apr 2019 09:50:03 GMT
recorded_with: VCR 4.0.0
